###############################################################################
#
# IAR ELF Linker V9.10.2.313/W64 for ARM                  26/Dec/2023  11:15:21
# Copyright 2007-2021 IAR Systems AB.
#
#    Output file  =
#        D:\HoneywellSoftwareS\GD32Soft\GD32_Boot\GD_APP\EWARM\GD_APP\Exe\GD_APP.out
#    Map file     =
#        D:\HoneywellSoftwareS\GD32Soft\GD32_Boot\GD_APP\EWARM\GD_APP\List\GD_APP.map
#    Command line =
#        -f
#        D:\HoneywellSoftwareS\GD32Soft\GD32_Boot\GD_APP\EWARM\GD_APP\Exe\GD_APP.out.rsp
#        (D:\HoneywellSoftwareS\GD32Soft\GD32_Boot\GD_APP\EWARM\GD_APP\Obj\Application\User\Core\can.o
#        D:\HoneywellSoftwareS\GD32Soft\GD32_Boot\GD_APP\EWARM\GD_APP\Obj\User\can_txrx.o
#        D:\HoneywellSoftwareS\GD32Soft\GD32_Boot\GD_APP\EWARM\GD_APP\Obj\User\flash_if.o
#        D:\HoneywellSoftwareS\GD32Soft\GD32_Boot\GD_APP\EWARM\GD_APP\Obj\Application\User\Core\gpio.o
#        D:\HoneywellSoftwareS\GD32Soft\GD32_Boot\GD_APP\EWARM\GD_APP\Obj\Application\User\Core\main.o
#        D:\HoneywellSoftwareS\GD32Soft\GD32_Boot\GD_APP\EWARM\GD_APP\Obj\User\rs485.o
#        D:\HoneywellSoftwareS\GD32Soft\GD32_Boot\GD_APP\EWARM\GD_APP\Obj\Application\EWARM\startup_stm32f103xb.o
#        D:\HoneywellSoftwareS\GD32Soft\GD32_Boot\GD_APP\EWARM\GD_APP\Obj\Drivers\STM32F1xx_HAL_Driver\stm32f1xx_hal.o
#        D:\HoneywellSoftwareS\GD32Soft\GD32_Boot\GD_APP\EWARM\GD_APP\Obj\Drivers\STM32F1xx_HAL_Driver\stm32f1xx_hal_can.o
#        D:\HoneywellSoftwareS\GD32Soft\GD32_Boot\GD_APP\EWARM\GD_APP\Obj\Drivers\STM32F1xx_HAL_Driver\stm32f1xx_hal_cortex.o
#        D:\HoneywellSoftwareS\GD32Soft\GD32_Boot\GD_APP\EWARM\GD_APP\Obj\Drivers\STM32F1xx_HAL_Driver\stm32f1xx_hal_dma.o
#        D:\HoneywellSoftwareS\GD32Soft\GD32_Boot\GD_APP\EWARM\GD_APP\Obj\Drivers\STM32F1xx_HAL_Driver\stm32f1xx_hal_exti.o
#        D:\HoneywellSoftwareS\GD32Soft\GD32_Boot\GD_APP\EWARM\GD_APP\Obj\Drivers\STM32F1xx_HAL_Driver\stm32f1xx_hal_flash.o
#        D:\HoneywellSoftwareS\GD32Soft\GD32_Boot\GD_APP\EWARM\GD_APP\Obj\Drivers\STM32F1xx_HAL_Driver\stm32f1xx_hal_flash_ex.o
#        D:\HoneywellSoftwareS\GD32Soft\GD32_Boot\GD_APP\EWARM\GD_APP\Obj\Drivers\STM32F1xx_HAL_Driver\stm32f1xx_hal_gpio.o
#        D:\HoneywellSoftwareS\GD32Soft\GD32_Boot\GD_APP\EWARM\GD_APP\Obj\Drivers\STM32F1xx_HAL_Driver\stm32f1xx_hal_gpio_ex.o
#        D:\HoneywellSoftwareS\GD32Soft\GD32_Boot\GD_APP\EWARM\GD_APP\Obj\Application\User\Core\stm32f1xx_hal_msp.o
#        D:\HoneywellSoftwareS\GD32Soft\GD32_Boot\GD_APP\EWARM\GD_APP\Obj\Drivers\STM32F1xx_HAL_Driver\stm32f1xx_hal_pwr.o
#        D:\HoneywellSoftwareS\GD32Soft\GD32_Boot\GD_APP\EWARM\GD_APP\Obj\Drivers\STM32F1xx_HAL_Driver\stm32f1xx_hal_rcc.o
#        D:\HoneywellSoftwareS\GD32Soft\GD32_Boot\GD_APP\EWARM\GD_APP\Obj\Drivers\STM32F1xx_HAL_Driver\stm32f1xx_hal_rcc_ex.o
#        D:\HoneywellSoftwareS\GD32Soft\GD32_Boot\GD_APP\EWARM\GD_APP\Obj\Drivers\STM32F1xx_HAL_Driver\stm32f1xx_hal_tim.o
#        D:\HoneywellSoftwareS\GD32Soft\GD32_Boot\GD_APP\EWARM\GD_APP\Obj\Drivers\STM32F1xx_HAL_Driver\stm32f1xx_hal_tim_ex.o
#        D:\HoneywellSoftwareS\GD32Soft\GD32_Boot\GD_APP\EWARM\GD_APP\Obj\Drivers\STM32F1xx_HAL_Driver\stm32f1xx_hal_uart.o
#        D:\HoneywellSoftwareS\GD32Soft\GD32_Boot\GD_APP\EWARM\GD_APP\Obj\Application\User\Core\stm32f1xx_it.o
#        D:\HoneywellSoftwareS\GD32Soft\GD32_Boot\GD_APP\EWARM\GD_APP\Obj\Drivers\CMSIS\system_stm32f1xx.o
#        D:\HoneywellSoftwareS\GD32Soft\GD32_Boot\GD_APP\EWARM\GD_APP\Obj\Application\User\Core\usart.o
#        D:\HoneywellSoftwareS\GD32Soft\GD32_Boot\GD_APP\EWARM\GD_APP\Obj\User\user_common.o
#        D:\HoneywellSoftwareS\GD32Soft\GD32_Boot\GD_APP\EWARM\GD_APP\Obj\User\user_config.o
#        --no_out_extension -o
#        D:\HoneywellSoftwareS\GD32Soft\GD32_Boot\GD_APP\EWARM\GD_APP\Exe\GD_APP.out
#        --redirect _Printf=_PrintfFullNoMb --redirect _Scanf=_ScanfFullNoMb
#        --map
#        D:\HoneywellSoftwareS\GD32Soft\GD32_Boot\GD_APP\EWARM\GD_APP\List\GD_APP.map
#        --config C:\Users\Administrator\Desktop\temp7\GD_APP\EWARM\GD_APP.icf
#        --semihosting --entry __iar_program_start --vfe --text_out locale)
#
###############################################################################

*******************************************************************************
*** RUNTIME MODEL ATTRIBUTES
***

CppFlavor       = *
__SystemLibrary = DLib
__dlib_version  = 6


*******************************************************************************
*** HEAP SELECTION
***

The basic heap was selected because no calls to memory allocation
functions were found in the application outside of system library
functions, and there are calls to deallocation functions in the
application.


*******************************************************************************
*** PLACEMENT SUMMARY
***

"A0":  place at address 0x800'8000 { ro section .intvec };
"P1":  place in [from 0x800'8000 to 0x801'ffff] { ro };
define block CSTACK with size = 8K, alignment = 8 { };
define block HEAP with size = 8K, alignment = 8 { };
"P2":  place in [from 0x2000'0000 to 0x2000'7fff] {
          rw, block CSTACK, block HEAP };
initialize by copy { rw };

  Section            Kind         Address    Size  Object
  -------            ----         -------    ----  ------
"A0":                                        0xec
  .intvec            ro code   0x800'8000    0xec  startup_stm32f103xb.o [1]
                             - 0x800'80ec    0xec

"P1", part 1 of 2:                          0x1c0
  .text              ro code   0x800'80ec     0xc  stm32f1xx_hal.o [4]
  .text              ro code   0x800'80f8    0x4c  stm32f1xx_hal.o [4]
  .text              ro code   0x800'8144   0x130  stm32f1xx_hal_cortex.o [4]
  .text              ro code   0x800'8274    0x2a  copy_init3.o [7]
  .text              ro code   0x800'829e     0x2  stm32f1xx_hal_can.o [4]
  .text              ro code   0x800'82a0     0x2  stm32f1xx_hal_can.o [4]
  .text              ro code   0x800'82a2     0x2  stm32f1xx_hal_can.o [4]
  .text              ro code   0x800'82a4     0x2  stm32f1xx_hal_can.o [4]
  .text              ro code   0x800'82a6     0x2  stm32f1xx_hal_can.o [4]
  .text              ro code   0x800'82a8     0x2  stm32f1xx_hal_can.o [4]
  .text              ro code   0x800'82aa     0x2  stm32f1xx_hal_can.o [4]
                             - 0x800'82ac   0x1c0

Absolute sections:                            0x2
  .rodata            const     0x800'83fe     0x2  main.o [2]
                             - 0x800'8400     0x2

"P1", part 2 of 2:                         0x204c
  .text              ro code   0x800'8400   0x6f8  stm32f1xx_hal_rcc.o [4]
  .text              ro code   0x800'8af8   0x692  stm32f1xx_hal_can.o [4]
  .text              ro code   0x800'918c   0x108  can.o [2]
  .rodata            const     0x800'9294     0x2  stm32f1xx_hal_rcc.o [4]
  .text              ro code   0x800'9298   0x230  can_txrx.o [5]
  .text              ro code   0x800'94c8     0x2  stm32f1xx_hal_can.o [4]
  .text              ro code   0x800'94ca     0x2  stm32f1xx_hal_can.o [4]
  .text              ro code   0x800'94cc     0x2  stm32f1xx_hal_can.o [4]
  .text              ro code   0x800'94ce     0x2  stm32f1xx_hal_can.o [4]
  .text              ro code   0x800'94d0     0x2  stm32f1xx_hal_can.o [4]
  .text              ro code   0x800'94d4    0xea  main.o [2]
  .text              ro code   0x800'95be    0x14  memset.o [7]
  .text              ro code   0x800'95d4   0x22c  stm32f1xx_hal_gpio.o [4]
  .text              ro code   0x800'9800    0x66  ABImemset.o [7]
  .text              ro code   0x800'9868    0xa6  ABImemcpy.o [7]
  .text              ro code   0x800'9910    0x28  stm32f1xx_hal.o [4]
  .text              ro code   0x800'9938    0x88  gpio.o [2]
  .text              ro code   0x800'99c0    0xd0  usart.o [2]
  .text              ro code   0x800'9a90    0x3c  rs485.o [5]
  .text              ro code   0x800'9acc   0x130  flash_if.o [5]
  .text              ro code   0x800'9bfc    0x28  stm32f1xx_hal.o [4]
  .text              ro code   0x800'9c24    0x54  stm32f1xx_hal_msp.o [2]
  .text              ro code   0x800'9c78   0x29c  stm32f1xx_hal_uart.o [4]
  .text              ro code   0x800'9f14   0x1d8  stm32f1xx_hal_flash.o [4]
  .text              ro code   0x800'a0ec   0x114  stm32f1xx_hal_flash_ex.o [4]
  .text              ro code   0x800'a200    0x1e  U64Shr.o [7]
  .text              ro code   0x800'a21e    0x38  zero_init3.o [7]
  .text              ro code   0x800'a258    0x28  stm32f1xx_it.o [2]
  .text              ro code   0x800'a280    0x18  stm32f1xx_hal.o [4]
  .text              ro code   0x800'a298    0x28  data_init.o [7]
  .iar.init_table    const     0x800'a2c0    0x24  - Linker created -
  .text              ro code   0x800'a2e4    0x1e  cmain.o [7]
  .text              ro code   0x800'a302     0x4  low_level_init.o [6]
  .text              ro code   0x800'a306     0x4  exit.o [6]
  .text              ro code   0x800'a30c     0xa  cexit.o [7]
  .text              ro code   0x800'a318    0x14  exit.o [8]
  .text              ro code   0x800'a32c    0x1c  cstartup_M.o [7]
  .rodata            const     0x800'a348    0x10  stm32f1xx_hal_rcc.o [4]
  .rodata            const     0x800'a358    0x10  system_stm32f1xx.o [3]
  .text              ro code   0x800'a368    0x10  startup_stm32f103xb.o [1]
  .rodata            const     0x800'a378     0xc  main.o [2]
  Initializer bytes  const     0x800'a384     0xc  <for P2-1>
  .rodata            const     0x800'a390     0x8  can_txrx.o [5]
  .rodata            const     0x800'a398     0x8  system_stm32f1xx.o [3]
  .text              ro code   0x800'a3a0     0x4  startup_stm32f103xb.o [1]
  .text              ro code   0x800'a3a4     0x4  startup_stm32f103xb.o [1]
  .text              ro code   0x800'a3a8     0x4  startup_stm32f103xb.o [1]
  .text              ro code   0x800'a3ac     0x4  startup_stm32f103xb.o [1]
  .text              ro code   0x800'a3b0     0x4  startup_stm32f103xb.o [1]
  .text              ro code   0x800'a3b4     0x4  startup_stm32f103xb.o [1]
  .text              ro code   0x800'a3b8     0x4  startup_stm32f103xb.o [1]
  .text              ro code   0x800'a3bc     0x4  startup_stm32f103xb.o [1]
  .text              ro code   0x800'a3c0     0x4  startup_stm32f103xb.o [1]
  .text              ro code   0x800'a3c4     0x4  startup_stm32f103xb.o [1]
  .text              ro code   0x800'a3c8     0x4  startup_stm32f103xb.o [1]
  .text              ro code   0x800'a3cc     0x4  startup_stm32f103xb.o [1]
  .text              ro code   0x800'a3d0     0x4  startup_stm32f103xb.o [1]
  .text              ro code   0x800'a3d4     0x4  startup_stm32f103xb.o [1]
  .text              ro code   0x800'a3d8     0x4  startup_stm32f103xb.o [1]
  .text              ro code   0x800'a3dc     0x4  startup_stm32f103xb.o [1]
  .text              ro code   0x800'a3e0     0x4  startup_stm32f103xb.o [1]
  .text              ro code   0x800'a3e4     0x4  startup_stm32f103xb.o [1]
  .text              ro code   0x800'a3e8     0x4  startup_stm32f103xb.o [1]
  .text              ro code   0x800'a3ec     0x4  startup_stm32f103xb.o [1]
  .text              ro code   0x800'a3f0     0x4  startup_stm32f103xb.o [1]
  .text              ro code   0x800'a3f4     0x4  startup_stm32f103xb.o [1]
  .text              ro code   0x800'a3f8     0x4  startup_stm32f103xb.o [1]
  .text              ro code   0x800'a3fc     0x4  startup_stm32f103xb.o [1]
  .text              ro code   0x800'a400     0x4  startup_stm32f103xb.o [1]
  .text              ro code   0x800'a404     0x4  startup_stm32f103xb.o [1]
  .text              ro code   0x800'a408     0x4  startup_stm32f103xb.o [1]
  .text              ro code   0x800'a40c     0x4  startup_stm32f103xb.o [1]
  .text              ro code   0x800'a410     0x4  startup_stm32f103xb.o [1]
  .text              ro code   0x800'a414     0x4  startup_stm32f103xb.o [1]
  .text              ro code   0x800'a418     0x4  startup_stm32f103xb.o [1]
  .text              ro code   0x800'a41c     0x4  startup_stm32f103xb.o [1]
  .text              ro code   0x800'a420     0x4  startup_stm32f103xb.o [1]
  .text              ro code   0x800'a424     0x4  startup_stm32f103xb.o [1]
  .text              ro code   0x800'a428     0x4  startup_stm32f103xb.o [1]
  .text              ro code   0x800'a42c     0x4  startup_stm32f103xb.o [1]
  .text              ro code   0x800'a430     0x4  startup_stm32f103xb.o [1]
  .text              ro code   0x800'a434     0x4  startup_stm32f103xb.o [1]
  .text              ro code   0x800'a438     0x4  startup_stm32f103xb.o [1]
  .text              ro code   0x800'a43c     0x4  startup_stm32f103xb.o [1]
  .text              ro code   0x800'a440     0x4  startup_stm32f103xb.o [1]
  .text              ro code   0x800'a444     0x4  startup_stm32f103xb.o [1]
  .text              ro code   0x800'a448     0x4  system_stm32f1xx.o [3]
  .rodata            const     0x800'a44c     0x0  zero_init3.o [7]
  .rodata            const     0x800'a44c     0x0  copy_init3.o [7]
                             - 0x800'a44c  0x204c

"P2", part 1 of 3:                            0xc
  P2-1                        0x2000'0000     0x9  <Init block>
    .data            inited   0x2000'0000     0x4  stm32f1xx_hal.o [4]
    .data            inited   0x2000'0004     0x4  system_stm32f1xx.o [3]
    .data            inited   0x2000'0008     0x1  stm32f1xx_hal.o [4]
                            - 0x2000'0009     0x9

"P2", part 2 of 3:                          0x1ec
  .bss               zero     0x2000'000c   0x144  can_txrx.o [5]
  .bss               zero     0x2000'0150    0x48  usart.o [2]
  .bss               zero     0x2000'0198    0x28  can.o [2]
  .bss               zero     0x2000'01c0     0xc  main.o [2]
  .bss               zero     0x2000'01d0    0x20  stm32f1xx_hal_flash.o [4]
  .bss               zero     0x2000'01f0     0x4  can_txrx.o [5]
  .bss               zero     0x2000'01f4     0x4  stm32f1xx_hal.o [4]
                            - 0x2000'01f8   0x1ec

"P2", part 3 of 3:                         0x2000
  CSTACK                      0x2000'01f8  0x2000  <Block>
    CSTACK           uninit   0x2000'01f8  0x2000  <Block tail>
                            - 0x2000'21f8  0x2000

Unused ranges:

         From           To      Size
         ----           --      ----
   0x800'82ac   0x800'83fd     0x152
   0x800'a44c   0x801'ffff  0x1'5bb4
  0x2000'21f8  0x2000'7fff    0x5e08


*******************************************************************************
*** INIT TABLE
***

          Address      Size
          -------      ----
Zero (__iar_zero_init3)
    1 destination range, total size 0x1ec:
          0x2000'000c  0x1ec

Copy (__iar_copy_init3)
    1 source range, total size 0xc (133% of destination):
           0x800'a384    0xc
    1 destination range, total size 0x9:
          0x2000'0000    0x9



*******************************************************************************
*** MODULE SUMMARY
***

    Module                    ro code  ro data  rw data  ro data
                                                          (abs)
    ------                    -------  -------  -------  -------
command line/config:
    ------------------------------------------------------------
    Total:

D:\HoneywellSoftwareS\GD32Soft\GD32_Boot\GD_APP\EWARM\GD_APP\Obj\Application\EWARM: [1]
    startup_stm32f103xb.o         420
    ------------------------------------------------------------
    Total:                        420

D:\HoneywellSoftwareS\GD32Soft\GD32_Boot\GD_APP\EWARM\GD_APP\Obj\Application\User\Core: [2]
    can.o                         264                40
    gpio.o                        136
    main.o                        234       12       12        2
    stm32f1xx_hal_msp.o            84
    stm32f1xx_it.o                 40
    usart.o                       208                72
    ------------------------------------------------------------
    Total:                        966       12      124        2

D:\HoneywellSoftwareS\GD32Soft\GD32_Boot\GD_APP\EWARM\GD_APP\Obj\Drivers\CMSIS: [3]
    system_stm32f1xx.o              4       28        4
    ------------------------------------------------------------
    Total:                          4       28        4

D:\HoneywellSoftwareS\GD32Soft\GD32_Boot\GD_APP\EWARM\GD_APP\Obj\Drivers\STM32F1xx_HAL_Driver: [4]
    stm32f1xx_hal.o               192        5        9
    stm32f1xx_hal_can.o         1'706
    stm32f1xx_hal_cortex.o        304
    stm32f1xx_hal_flash.o         472                32
    stm32f1xx_hal_flash_ex.o      276
    stm32f1xx_hal_gpio.o          556
    stm32f1xx_hal_rcc.o         1'784       18
    stm32f1xx_hal_uart.o          668
    ------------------------------------------------------------
    Total:                      5'958       23       41

D:\HoneywellSoftwareS\GD32Soft\GD32_Boot\GD_APP\EWARM\GD_APP\Obj\User: [5]
    can_txrx.o                    560        8      328
    flash_if.o                    304
    rs485.o                        60
    ------------------------------------------------------------
    Total:                        924        8      328

dl7M_tlf.a: [6]
    exit.o                          4
    low_level_init.o                4
    ------------------------------------------------------------
    Total:                          8

rt7M_tl.a: [7]
    ABImemcpy.o                   166
    ABImemset.o                   102
    U64Shr.o                       30
    cexit.o                        10
    cmain.o                        30
    copy_init3.o                   42
    cstartup_M.o                   28
    data_init.o                    40
    memset.o                       20
    zero_init3.o                   56
    ------------------------------------------------------------
    Total:                        524

shb_l.a: [8]
    exit.o                         20
    ------------------------------------------------------------
    Total:                         20

    Gaps                           18                 4
    Linker created                          39    8'192
----------------------------------------------------------------
    Grand Total:                8'842      110    8'693        2


*******************************************************************************
*** ENTRY LIST
***

Entry                       Address   Size  Type      Object
-----                       -------   ----  ----      ------
.iar.init_table$$Base    0x800'a2c0          --   Gb  - Linker created -
.iar.init_table$$Limit   0x800'a2e4          --   Gb  - Linker created -
?main                    0x800'a2e5         Code  Gb  cmain.o [7]
AHBPrescTable            0x800'a358   0x10  Data  Gb  system_stm32f1xx.o [3]
APBPrescTable            0x800'a398    0x8  Data  Gb  system_stm32f1xx.o [3]
BusFault_Handler         0x800'a25f    0x2  Code  Gb  stm32f1xx_it.o [2]
CANFilterConfig_Scale32_IdMask_StandardIdOnly
                         0x800'92b5   0xa8  Code  Gb  can_txrx.o [5]
CSTACK$$Base            0x2000'01f8          --   Gb  - Linker created -
CSTACK$$Limit           0x2000'21f8          --   Gb  - Linker created -
CanFIFOGet               0x800'941b   0x46  Code  Gb  can_txrx.o [5]
CanFIFOInit              0x800'9461   0x22  Code  Gb  can_txrx.o [5]
CanFIFOPut               0x800'9399   0x82  Code  Gb  can_txrx.o [5]
DebugMon_Handler         0x800'a265    0x2  Code  Gb  stm32f1xx_it.o [2]
Error_Handler            0x800'95bb    0x4  Code  Gb  main.o [2]
FLASH_If_Read            0x800'9b85   0x1c  Code  Gb  flash_if.o [5]
FLASH_If_Write           0x800'9ba1   0x4c  Code  Gb  flash_if.o [5]
FLASH_MassErase          0x800'a1a3   0x2a  Code  Lc  stm32f1xx_hal_flash_ex.o [4]
FLASH_PageErase          0x800'a1cd   0x24  Code  Gb  stm32f1xx_hal_flash_ex.o [4]
FLASH_Program_HalfWord   0x800'9fef   0x16  Code  Lc  stm32f1xx_hal_flash.o [4]
FLASH_SetErrorCode       0x800'a061   0x6e  Code  Lc  stm32f1xx_hal_flash.o [4]
FLASH_WaitForLastOperation
                         0x800'a005   0x5c  Code  Gb  stm32f1xx_hal_flash.o [4]
HAL_CAN_ActivateNotification
                         0x800'8f33   0x2c  Code  Gb  stm32f1xx_hal_can.o [4]
HAL_CAN_ConfigFilter     0x800'8c65  0x106  Code  Gb  stm32f1xx_hal_can.o [4]
HAL_CAN_ErrorCallback    0x800'94d1    0x2  Code  Gb  stm32f1xx_hal_can.o [4]
HAL_CAN_GetRxMessage     0x800'8dc7  0x16c  Code  Gb  stm32f1xx_hal_can.o [4]
HAL_CAN_IRQHandler       0x800'8f5f  0x22c  Code  Gb  stm32f1xx_hal_can.o [4]
HAL_CAN_Init             0x800'8af9  0x16c  Code  Gb  stm32f1xx_hal_can.o [4]
HAL_CAN_MspInit          0x800'91eb   0x94  Code  Gb  can.o [2]
HAL_CAN_RxFifo0FullCallback
                         0x800'82ab    0x2  Code  Gb  stm32f1xx_hal_can.o [4]
HAL_CAN_RxFifo0MsgPendingCallback
                         0x800'935d   0x3c  Code  Gb  can_txrx.o [5]
HAL_CAN_RxFifo1FullCallback
                         0x800'94c9    0x2  Code  Gb  stm32f1xx_hal_can.o [4]
HAL_CAN_RxFifo1MsgPendingCallback
                         0x800'94cb    0x2  Code  Gb  stm32f1xx_hal_can.o [4]
HAL_CAN_SleepCallback    0x800'94cd    0x2  Code  Gb  stm32f1xx_hal_can.o [4]
HAL_CAN_Start            0x800'8d6b   0x5c  Code  Gb  stm32f1xx_hal_can.o [4]
HAL_CAN_TxMailbox0AbortCallback
                         0x800'82a1    0x2  Code  Gb  stm32f1xx_hal_can.o [4]
HAL_CAN_TxMailbox0CompleteCallback
                         0x800'829f    0x2  Code  Gb  stm32f1xx_hal_can.o [4]
HAL_CAN_TxMailbox1AbortCallback
                         0x800'82a5    0x2  Code  Gb  stm32f1xx_hal_can.o [4]
HAL_CAN_TxMailbox1CompleteCallback
                         0x800'82a3    0x2  Code  Gb  stm32f1xx_hal_can.o [4]
HAL_CAN_TxMailbox2AbortCallback
                         0x800'82a9    0x2  Code  Gb  stm32f1xx_hal_can.o [4]
HAL_CAN_TxMailbox2CompleteCallback
                         0x800'82a7    0x2  Code  Gb  stm32f1xx_hal_can.o [4]
HAL_CAN_WakeUpFromRxMsgCallback
                         0x800'94cf    0x2  Code  Gb  stm32f1xx_hal_can.o [4]
HAL_Delay                0x800'9bfd   0x28  Code  Gb  stm32f1xx_hal.o [4]
HAL_FLASHEx_Erase        0x800'a0ed   0xb6  Code  Gb  stm32f1xx_hal_flash_ex.o [4]
HAL_FLASH_Lock           0x800'9fdf   0x10  Code  Gb  stm32f1xx_hal_flash.o [4]
HAL_FLASH_Program        0x800'9f15   0xa6  Code  Gb  stm32f1xx_hal_flash.o [4]
HAL_FLASH_Unlock         0x800'9fbb   0x24  Code  Gb  stm32f1xx_hal_flash.o [4]
HAL_GPIO_Init            0x800'95d5  0x1c4  Code  Gb  stm32f1xx_hal_gpio.o [4]
HAL_GPIO_TogglePin       0x800'97ad   0x14  Code  Gb  stm32f1xx_hal_gpio.o [4]
HAL_GPIO_WritePin        0x800'9799   0x14  Code  Gb  stm32f1xx_hal_gpio.o [4]
HAL_GetTick              0x800'80ed    0xc  Code  Gb  stm32f1xx_hal.o [4]
HAL_IncTick              0x800'a281   0x18  Code  Gb  stm32f1xx_hal.o [4]
HAL_Init                 0x800'9911   0x22  Code  Gb  stm32f1xx_hal.o [4]
HAL_InitTick             0x800'80f9   0x4c  Code  Gb  stm32f1xx_hal.o [4]
HAL_MspInit              0x800'9c25   0x54  Code  Gb  stm32f1xx_hal_msp.o [2]
HAL_NVIC_EnableIRQ       0x800'8241    0xa  Code  Gb  stm32f1xx_hal_cortex.o [4]
HAL_NVIC_SetPriority     0x800'821f   0x22  Code  Gb  stm32f1xx_hal_cortex.o [4]
HAL_NVIC_SetPriorityGrouping
                         0x800'8217    0x8  Code  Gb  stm32f1xx_hal_cortex.o [4]
HAL_RCC_ClockConfig      0x800'887d  0x17c  Code  Gb  stm32f1xx_hal_rcc.o [4]
HAL_RCC_GetHCLKFreq      0x800'8a55    0x6  Code  Gb  stm32f1xx_hal_rcc.o [4]
HAL_RCC_GetPCLK1Freq     0x800'8a5d   0x20  Code  Gb  stm32f1xx_hal_rcc.o [4]
HAL_RCC_GetPCLK2Freq     0x800'8a7d   0x20  Code  Gb  stm32f1xx_hal_rcc.o [4]
HAL_RCC_GetSysClockFreq
                         0x800'89f9   0x5c  Code  Gb  stm32f1xx_hal_rcc.o [4]
HAL_RCC_GetSysClockFreq::aPLLMULFactorTable
                         0x800'a348   0x10  Data  Lc  stm32f1xx_hal_rcc.o [4]
HAL_RCC_GetSysClockFreq::aPredivFactorTable
                         0x800'9294    0x2  Data  Lc  stm32f1xx_hal_rcc.o [4]
HAL_RCC_OscConfig        0x800'8401  0x47a  Code  Gb  stm32f1xx_hal_rcc.o [4]
HAL_SYSTICK_Config       0x800'824b    0x8  Code  Gb  stm32f1xx_hal_cortex.o [4]
HAL_UART_Init            0x800'9c79   0x7a  Code  Gb  stm32f1xx_hal_uart.o [4]
HAL_UART_MspInit         0x800'9a05   0x78  Code  Gb  usart.o [2]
HAL_UART_Transmit        0x800'9cf3   0xb4  Code  Gb  stm32f1xx_hal_uart.o [4]
HardFault_Handler        0x800'a25b    0x2  Code  Gb  stm32f1xx_it.o [2]
MX_CAN_Init              0x800'918d   0x5e  Code  Gb  can.o [2]
MX_GPIO_Init             0x800'9939   0x88  Code  Gb  gpio.o [2]
MX_USART3_UART_Init      0x800'99c1   0x44  Code  Gb  usart.o [2]
MemManage_Handler        0x800'a25d    0x2  Code  Gb  stm32f1xx_it.o [2]
NMI_Handler              0x800'a259    0x2  Code  Gb  stm32f1xx_it.o [2]
NVIC_EncodePriority      0x800'81ab   0x3e  Code  Lc  stm32f1xx_hal_cortex.o [4]
PendSV_Handler           0x800'a267    0x2  Code  Gb  stm32f1xx_it.o [2]
RCC_Delay                0x800'8a9d   0x24  Code  Lc  stm32f1xx_hal_rcc.o [4]
RS485SendData            0x800'9a91   0x32  Code  Gb  rs485.o [5]
Region$$Table$$Base      0x800'a2c0          --   Gb  - Linker created -
Region$$Table$$Limit     0x800'a2e4          --   Gb  - Linker created -
SVC_Handler              0x800'a263    0x2  Code  Gb  stm32f1xx_it.o [2]
SysTick_Config           0x800'81e9   0x2e  Code  Lc  stm32f1xx_hal_cortex.o [4]
SysTick_Handler          0x800'a269    0x8  Code  Gb  stm32f1xx_it.o [2]
SystemClock_Config       0x800'9549   0x72  Code  Gb  main.o [2]
SystemCoreClock         0x2000'0004    0x4  Data  Gb  system_stm32f1xx.o [3]
SystemInit               0x800'a449    0x2  Code  Gb  system_stm32f1xx.o [3]
SystemParam_IAP          0x800'9483   0x2e  Code  Gb  can_txrx.o [5]
System_ParamErase        0x800'9b47   0x3e  Code  Lc  flash_if.o [5]
System_ParamReadCheck    0x800'9acd   0x40  Code  Gb  flash_if.o [5]
System_ParamUpdate       0x800'9b0d   0x3a  Code  Gb  flash_if.o [5]
UART_SetConfig           0x800'9e31   0xdc  Code  Lc  stm32f1xx_hal_uart.o [4]
UART_WaitOnFlagUntilTimeout
                         0x800'9da7   0x8a  Code  Lc  stm32f1xx_hal_uart.o [4]
USB_LP_CAN1_RX0_IRQHandler
                         0x800'a271    0xa  Code  Gb  stm32f1xx_it.o [2]
UsageFault_Handler       0x800'a261    0x2  Code  Gb  stm32f1xx_it.o [2]
__ICFEDIT_region_RAM_end__ {Abs}
                        0x2000'7fff         Data  Gb  <internal module>
__ICFEDIT_region_RAM_start__ {Abs}
                        0x2000'0000         Data  Gb  <internal module>
__NVIC_EnableIRQ         0x800'816b   0x1c  Code  Lc  stm32f1xx_hal_cortex.o [4]
__NVIC_GetPriorityGrouping
                         0x800'8161    0xa  Code  Lc  stm32f1xx_hal_cortex.o [4]
__NVIC_SetPriority       0x800'8187   0x24  Code  Lc  stm32f1xx_hal_cortex.o [4]
__NVIC_SetPriorityGrouping
                         0x800'8145   0x1c  Code  Lc  stm32f1xx_hal_cortex.o [4]
__NVIC_SystemReset       0x800'9299   0x1c  Code  Lc  can_txrx.o [5]
__aeabi_llsr             0x800'a201         Code  Gb  U64Shr.o [7]
__aeabi_memcpy           0x800'9869         Code  Gb  ABImemcpy.o [7]
__aeabi_memcpy4          0x800'9889         Code  Gb  ABImemcpy.o [7]
__aeabi_memcpy8          0x800'9889         Code  Gb  ABImemcpy.o [7]
__aeabi_memset           0x800'9801         Code  Gb  ABImemset.o [7]
__cmain                  0x800'a2e5         Code  Gb  cmain.o [7]
__exit                   0x800'a319   0x14  Code  Gb  exit.o [8]
__iar_Memset             0x800'9801         Code  Gb  ABImemset.o [7]
__iar_Memset_word        0x800'9809         Code  Gb  ABImemset.o [7]
__iar_copy_init3         0x800'8275   0x2a  Code  Gb  copy_init3.o [7]
__iar_data_init3         0x800'a299   0x28  Code  Gb  data_init.o [7]
__iar_program_start      0x800'a32d         Code  Gb  cstartup_M.o [7]
__iar_zero_init3         0x800'a21f   0x38  Code  Gb  zero_init3.o [7]
__low_level_init         0x800'a303    0x4  Code  Gb  low_level_init.o [6]
__vector_table           0x800'8000         Data  Gb  startup_stm32f103xb.o [1]
_call_main               0x800'a2f1         Code  Gb  cmain.o [7]
_exit                    0x800'a30d         Code  Gb  cexit.o [7]
canBufQueen             0x2000'000c  0x144  Data  Lc  can_txrx.o [5]
canData                 0x2000'01f0    0x4  Data  Lc  can_txrx.o [5]
exit                     0x800'a307    0x4  Code  Gb  exit.o [6]
gAppVersion              0x800'83fe    0x2  Data  Gb  main.o [2]
g_SystemParam           0x2000'01c0    0xc  Data  Gb  main.o [2]
hcan                    0x2000'0198   0x28  Data  Gb  can.o [2]
huart3                  0x2000'0150   0x48  Data  Gb  usart.o [2]
main                     0x800'94d5   0x60  Code  Gb  main.o [2]
memset                   0x800'95bf   0x14  Code  Gb  memset.o [7]
pFlash                  0x2000'01d0   0x20  Data  Gb  stm32f1xx_hal_flash.o [4]
uwTick                  0x2000'01f4    0x4  Data  Gb  stm32f1xx_hal.o [4]
uwTickFreq              0x2000'0008    0x1  Data  Gb  stm32f1xx_hal.o [4]
uwTickPrio              0x2000'0000    0x4  Data  Gb  stm32f1xx_hal.o [4]


[1] = D:\HoneywellSoftwareS\GD32Soft\GD32_Boot\GD_APP\EWARM\GD_APP\Obj\Application\EWARM
[2] = D:\HoneywellSoftwareS\GD32Soft\GD32_Boot\GD_APP\EWARM\GD_APP\Obj\Application\User\Core
[3] = D:\HoneywellSoftwareS\GD32Soft\GD32_Boot\GD_APP\EWARM\GD_APP\Obj\Drivers\CMSIS
[4] = D:\HoneywellSoftwareS\GD32Soft\GD32_Boot\GD_APP\EWARM\GD_APP\Obj\Drivers\STM32F1xx_HAL_Driver
[5] = D:\HoneywellSoftwareS\GD32Soft\GD32_Boot\GD_APP\EWARM\GD_APP\Obj\User
[6] = dl7M_tlf.a
[7] = rt7M_tl.a
[8] = shb_l.a

  8'842 bytes of readonly  code memory
    110 bytes of readonly  data memory (+ 2 absolute)
  8'693 bytes of readwrite data memory

Errors: none
Warnings: none
